  QA ch04_s01_divider @f302
  QA ch04_s02_analogy @f1256
  QA ch04_s03_what @f2424
  QA ch04_s04_mcap @f3538
  QA ch04_s05_ev @f4722
  QA ch04_s06_ev_why @f5923
  QA ch04_s07_pe @f7023
  QA ch04_s08_pe_mean @f8074
  QA ch04_s09_evebitda @f9235
  QA ch04_s10_compare_pe @f10403
  QA ch04_s11_compare_ev @f11504
  QA ch04_s12_pb_yield @f12642
  QA ch04_s13_map @f13950
  QA ch04_s14_recap @f15389
  QA ch05_s01_divider @f250
  QA ch05_s02_analogy @f1085
  QA ch05_s03_de @f2255
  QA ch05_s04_de_read @f3438
  QA ch05_s05_netdebt @f4535
  QA ch05_s06_coverage @f5635
  QA ch05_s07_debtebitda @f6807
  QA ch05_s08_compare @f7996
  QA ch05_s09_liquidity @f9202
  QA ch05_s10_recap @f10497
  QA ch06_s01_divider @f297
  QA ch06_s02_ramp @f1112
  QA ch06_s03_cagr @f2238
  QA ch06_s04_quality @f3457
  QA ch06_s05_fcf @f4682
  QA ch06_s06_conversion @f5906
  QA ch06_s07_workcap @f7178
  QA ch06_s08_checklist @f8398
  QA ch06_s09_recap @f9646
  QA ch07_s01_divider @f299
  QA ch07_s02_fivequestions @f1210
  QA ch07_s03_scorecard @f2560
  QA ch07_s04_compare @f3891
  QA ch07_s05_cyclical @f5082
  QA ch07_s06_redflags @f6328
  QA ch07_s07_verdict @f7567
  QA ch07_s08_recap @f9339

LOOK at every png in /Users/appuram/Developer/explainer-forge/projects/fundamentals-en/qa-stills/ (skills/06 checklist) before render
