  cv-ch01-big-picture         2.39 min  2 scenes    358 words
  cv-ch02-pixels              1.97 min  1 scenes    307 words
  cv-ch03-tasks               2.88 min  2 scenes    443 words
  cv-ch04-filters             1.96 min  2 scenes    263 words
  cv-ch05-convolution         3.47 min  2 scenes    501 words
  cv-ch06-edges               2.20 min  1 scenes    332 words
  cv-ch07-handcrafted         2.07 min  1 scenes    272 words
  cv-ch08-why-cnn             2.19 min  2 scenes    315 words
  cv-ch09-cnn-anatomy         3.41 min  2 scenes    495 words
  cv-ch10-hierarchy           3.19 min  2 scenes    465 words
  cv-ch11-imagenet            2.58 min  1 scenes    350 words
  cv-ch12-training            4.87 min  3 scenes    691 words
  cv-ch13-code-pytorch        6.32 min  5 scenes    931 words
  cv-ch14-classification      2.52 min  2 scenes    364 words
  cv-ch15-detection           4.65 min  3 scenes    704 words
  cv-ch16-segmentation        3.30 min  2 scenes    490 words
  cv-ch17-faces               3.19 min  2 scenes    486 words
  cv-ch18-vit                 2.14 min  2 scenes    329 words
  cv-ch19-clip-vlm            3.14 min  2 scenes    457 words
  cv-ch20-generative          2.45 min  1 scenes    364 words
  cv-ch21-frontier            3.02 min  2 scenes    415 words
  cv-ch22-stack-recap         4.35 min  3 scenes    604 words

MASTER total 68.23 min (4094s) · 9936 words · 45 scenes · 22 chapters · effective 146 wpm
