  a24_div         17.37s
  a24_brand       42.25s
  a24_channels    42.97s
  a24_recap       27.50s
ch24: total 131.60s (2.19 min), 4 scenes, 39 cues
  a25_ptitle      16.51s
  a25_forces      48.26s
  a25_china1      43.57s
  a25_recap       32.46s
ch25: total 142.30s (2.37 min), 4 scenes, 35 cues
  a26_ptitle      13.12s
  a26_risks       39.33s
  a26_guard       38.39s
  a26_recap       29.27s
ch26: total 121.61s (2.03 min), 4 scenes, 36 cues
  a27_div         14.56s
  a27_pick        38.05s
  a27_cats        37.84s
  a27_recap       28.91s
ch27: total 120.87s (2.01 min), 4 scenes, 33 cues
  a28_ptitle      13.72s
  a28_econ        41.29s
  a28_compare     38.58s
  a28_recap       29.34s
ch28: total 124.44s (2.07 min), 4 scenes, 32 cues
  a29_ptitle      11.35s
  a29_plan        44.77s
  a29_recap       34.07s
ch29: total 91.19s (1.52 min), 3 scenes, 24 cues
  a30_recap       52.47s
  a30_end         48.45s
ch30: total 101.42s (1.69 min), 2 scenes, 26 cues
