  a07_div         13.32s
  a07_platforms   55.05s
  a07_ali1688     47.49s
  a07_recap       37.62s
ch07: total 154.97s (2.58 min), 4 scenes, 40 cues
  a08_ptitle      10.94s
  a08_flow        40.19s
  a08_vet         35.84s
  a08_recap       28.74s
ch08: total 117.22s (1.95 min), 4 scenes, 35 cues
  a09_ptitle      12.86s
  a09_why         41.17s
  a09_diyagent    37.12s
  a09_recap       32.82s
ch09: total 125.48s (2.09 min), 4 scenes, 32 cues
  a10_ptitle      12.62s
  a10_does        38.65s
  a10_when        41.25s
  a10_recap       32.94s
ch10: total 126.96s (2.12 min), 4 scenes, 37 cues
  a11_ptitle      13.03s
  a11_methods     40.31s
  a11_split       37.81s
  a11_recap       30.14s
ch11: total 122.79s (2.05 min), 4 scenes, 39 cues
  a12_ptitle      12.00s
  a12_stages      36.81s
  a12_third       32.78s
  a12_recap       30.09s
ch12: total 113.17s (1.89 min), 4 scenes, 31 cues
