  it-ch01-big-picture         3.00 min  2 scenes    460 words
  it-ch02-surprise            1.74 min  2 scenes    278 words
  it-ch03-self-information    1.78 min  1 scenes    280 words
  it-ch04-the-bit             3.28 min  2 scenes    532 words
  it-ch05-entropy             3.35 min  3 scenes    545 words
  it-ch06-uncertainty         3.19 min  2 scenes    480 words
  it-ch07-conditional         1.66 min  1 scenes    279 words
  it-ch08-redundancy          1.67 min  1 scenes    268 words
  it-ch09-limit               1.92 min  2 scenes    313 words
  it-ch10-huffman             1.80 min  1 scenes    307 words
  it-ch11-arithmetic          1.86 min  1 scenes    304 words
  it-ch12-lossy               1.67 min  1 scenes    280 words
  it-ch13-cross-entropy       3.70 min  3 scenes    593 words
  it-ch14-mutual-information  1.84 min  1 scenes    297 words
  it-ch15-perplexity          1.85 min  1 scenes    293 words
  it-ch16-noisy-channel       2.05 min  2 scenes    337 words
  it-ch17-capacity            2.02 min  1 scenes    305 words
  it-ch18-bandwidth           1.85 min  1 scenes    267 words
  it-ch19-error-correction    1.93 min  1 scenes    301 words
  it-ch20-deepest             2.15 min  2 scenes    328 words
  it-ch21-everywhere          2.89 min  2 scenes    427 words

MASTER total 47.18 min (2831s) · 7474 words · 33 scenes · 21 chapters · effective 158 wpm
