[17:48] ch03: 27752 frames -> 12 chunks
  [17:53] ch03 chunk 1/12 ok
  [17:58] ch03 chunk 2/12 ok
  [18:03] ch03 chunk 3/12 ok
  [18:08] ch03 chunk 4/12 ok
  [18:13] ch03 chunk 5/12 ok
  [18:18] ch03 chunk 6/12 ok
  [18:22] ch03 chunk 7/12 ok
  [18:26] ch03 chunk 8/12 ok
  [18:31] ch03 chunk 9/12 ok
  [18:36] ch03 chunk 10/12 ok
  [18:41] ch03 chunk 11/12 ok
  [18:42] ch03 chunk 12/12 ok
  [18:42] ch03 DONE 15.43 min -> delivered
[18:42] ch04: 24973 frames -> 10 chunks
  [18:46] ch04 chunk 1/10 ok
  [18:48] ch04 chunk 2/10 ok
  [18:50] ch04 chunk 3/10 ok
  [18:52] ch04 chunk 4/10 ok
  [18:54] ch04 chunk 5/10 ok
  [18:56] ch04 chunk 6/10 ok
  [18:58] ch04 chunk 7/10 ok
  [19:01] ch04 chunk 8/10 ok
  [19:03] ch04 chunk 9/10 ok
  [19:05] ch04 chunk 10/10 ok
  [19:05] ch04 DONE 13.88 min -> delivered
[19:05] ch05: 5821 frames -> 3 chunks
  [19:07] ch05 chunk 1/3 ok
  [19:09] ch05 chunk 2/3 ok
  [19:10] ch05 chunk 3/3 ok
  [19:10] ch05 DONE 3.24 min -> delivered
ffmpeg version 8.1.1 Copyright (c) 2000-2026 the FFmpeg developers
  built with Apple clang version 17.0.0 (clang-1700.6.4.2)
  configuration: --prefix=/opt/homebrew/Cellar/ffmpeg/8.1.1 --enable-shared --enable-pthreads --enable-version3 --cc=clang --host-cflags= --host-ldflags= --enable-ffplay --enable-gpl --enable-libsvtav1 --enable-libopus --enable-libx264 --enable-libmp3lame --enable-libdav1d --enable-libvmaf --enable-libvpx --enable-libx265 --enable-openssl --enable-videotoolbox --enable-audiotoolbox --enable-neon
  libavutil      60. 26.101 / 60. 26.101
  libavcodec     62. 28.101 / 62. 28.101
  libavformat    62. 12.101 / 62. 12.101
  libavdevice    62.  3.101 / 62.  3.101
  libavfilter    11. 14.101 / 11. 14.101
  libswscale      9.  5.101 /  9.  5.101
  libswresample   6.  3.101 /  6.  3.101
[mov,mp4,m4a,3gp,3g2,mj2 @ 0x151e06480] Auto-inserting h264_mp4toannexb bitstream filter
Input #0, concat, from '/Users/appuram/Developer/explainer-forge/projects/nifty-beaters-en/artifacts/master_concat.txt':
  Duration: N/A, start: 0.000000, bitrate: 1036 kb/s
  Stream #0:0(und): Video: h264 (High) (avc1 / 0x31637661), yuvj420p(pc, bt470bg/unknown/unknown, progressive), 1920x1080 [SAR 1:1 DAR 16:9], 719 kb/s, 30 fps, 30 tbr, 90k tbn
    Metadata:
      handler_name    : VideoHandler
      encoder         : Lavc61.19.100 libx264
    Side data:
      ICC Profile: (456 bytes)
  Stream #0:1(und): Audio: aac (LC) (mp4a / 0x6134706D), 48000 Hz, stereo, fltp, 317 kb/s
    Metadata:
      handler_name    : SoundHandler
Stream mapping:
  Stream #0:0 -> #0:0 (copy)
  Stream #0:1 -> #0:1 (copy)
Output #0, mp4, to '/Users/appuram/Developer/explainer-forge/projects/nifty-beaters-en/renders/master.mp4':
  Metadata:
    encoder         : Lavf62.12.101
  Stream #0:0(und): Video: h264 (High) (avc1 / 0x31637661), yuvj420p(pc, bt470bg/unknown/unknown, progressive), 1920x1080 [SAR 1:1 DAR 16:9], q=2-31, 719 kb/s, 30 fps, 30 tbr, 90k tbn
    Metadata:
      handler_name    : VideoHandler
      encoder         : Lavc61.19.100 libx264
    Side data:
      ICC Profile: (456 bytes)
  Stream #0:1(und): Audio: aac (LC) (mp4a / 0x6134706D), 48000 Hz, stereo, fltp, 317 kb/s
    Metadata:
      handler_name    : SoundHandler
Press [q] to stop, [?] for help
[mov,mp4,m4a,3gp,3g2,mj2 @ 0x141e05970] Auto-inserting h264_mp4toannexb bitstream filter
[mov,mp4,m4a,3gp,3g2,mj2 @ 0x151f04080] Auto-inserting h264_mp4toannexb bitstream filter
frame=37626 fps=0.0 q=-1.0 size=  176896KiB time=00:20:54.36 bitrate=1155.3kbits/s speed=2.51e+03x elapsed=0:00:00.50    [mov,mp4,m4a,3gp,3g2,mj2 @ 0x151f0ecd0] Auto-inserting h264_mp4toannexb bitstream filter
frame=73921 fps=73138 q=-1.0 size=  360704KiB time=00:41:05.06 bitrate=1198.7kbits/s speed=2.44e+03x elapsed=0:00:01.01    [mov,mp4,m4a,3gp,3g2,mj2 @ 0x151e064d0] Auto-inserting h264_mp4toannexb bitstream filter
[out#0/mp4 @ 0x6000002c0600] video:318773KiB audio:116307KiB subtitle:0KiB other streams:0KiB global headers:0KiB muxing overhead: 0.735598%
frame=90016 fps=70244 q=-1.0 Lsize=  438281KiB time=00:50:01.97 bitrate=1196.0kbits/s speed=2.34e+03x elapsed=0:00:01.28    
  [19:10] master 50.03 min -> delivered
[19:10] ALL DONE
