260 tickers
[  1/260] HDFCBANK     ok  PE=14.2 ROE=13.6 ROCE=7.02 MCap=1120802.0
[  2/260] ICICIBANK    ok  PE=18.1 ROE=15.9 ROCE=7.18 MCap=1015604.0
[  3/260] AXISBANK     ok  PE=13.6 ROE=13.1 ROCE=6.24 MCap=378794.0
[  4/260] KOTAKBANK    ok  PE=19.5 ROE=11.4 ROCE=6.98 MCap=389440.0
[  5/260] SBIN         ok  PE=11.7 ROE=15.4 ROCE=6.13 MCap=984907.0
[  6/260] BANKBARODA   ok  PE=5.8 ROE=12.7 ROCE=5.63 MCap=128586.0
[  7/260] FEDERALBNK   ok  PE=18.8 ROE=11.6 ROCE=6.39 MCap=87250.0
[  8/260] AUBANK       ok  PE=238.0 ROE=22.3 ROCE=12.4 MCap=81068.0
[  9/260] BAJFINANCE   ok  PE=33.0 ROE=18.2 ROCE=10.9 MCap=676139.0
[ 10/260] BAJAJFINSV   ok  PE=31.3 ROE=13.2 ROCE=10.6 MCap=322014.0
[ 11/260] CHOLAFIN     ok  PE=28.0 ROE=19.4 ROCE=9.71 MCap=160730.0
[ 12/260] SHRIRAMFIN   ok  PE=23.4 ROE=16.4 ROCE=11.5 MCap=264499.0
[ 13/260] MUTHOOTFIN   ok  PE=10.0 ROE=30.9 ROCE=15.8 MCap=114138.0
[ 14/260] LTF          ok  PE=24.0 ROE=11.2 ROCE=8.4 MCap=76798.0
[ 15/260] POONAWALLA   ok  PE=55.8 ROE=5.86 ROCE=7.51 MCap=43894.0
[ 16/260] FIVESTAR     ok  PE=103.0 ROE=16.0 ROCE=17.0 MCap=16182.0
[ 17/260] APTUS        ok  PE=12.7 ROE=20.1 ROCE=15.4 MCap=12523.0
[ 18/260] HOMEFIRST    ok  PE=None ROE=None ROCE=None MCap=None
[ 19/260] BSE          ok  PE=49.6 ROE=46.0 ROCE=60.0 MCap=140425.0
[ 20/260] CDSL         ok  PE=59.5 ROE=24.5 ROCE=32.0 MCap=28042.0
[ 21/260] ANGELONE     ok  PE=25.4 ROE=15.6 ROCE=14.8 MCap=26182.0
[ 22/260] NUVAMA       ok  PE=28.5 ROE=27.4 ROCE=17.5 MCap=30910.0
[ 23/260] 360ONE       ok  PE=37.6 ROE=14.4 ROCE=12.1 MCap=47447.0
[ 24/260] ANANDRATHI   ok  PE=77.6 ROE=47.3 ROCE=59.2 MCap=36102.0
[ 25/260] MOTILALOFS   ok  PE=27.4 ROE=15.5 ROCE=12.7 MCap=54209.0
[ 26/260] CAMS         ok  PE=38.3 ROE=36.3 ROCE=47.0 MCap=18956.0
[ 27/260] KFINTECH     ok  PE=46.4 ROE=21.6 ROCE=29.2 MCap=16260.0
[ 28/260] HDFCLIFE     ok  PE=59.1 ROE=11.3 ROCE=10.3 MCap=116771.0
[ 29/260] SBILIFE      ok  PE=None ROE=None ROCE=None MCap=None
[ 30/260] ICICIGI      ok  PE=None ROE=None ROCE=None MCap=None
[ 31/260] ICICIPRULI   ok  PE=45.7 ROE=12.6 ROCE=10.1 MCap=73440.0
[ 32/260] STARHEALTH   ok  PE=None ROE=None ROCE=None MCap=None
[ 33/260] MFSL         ok  PE=492.0 ROE=1.52 ROCE=2.87 MCap=53424.0
[ 34/260] LICI         ok  PE=8.65 ROE=37.8 ROCE=35.1 MCap=521180.0
[ 35/260] JIOFIN       ok  PE=79.8 ROE=1.19 ROCE=1.86 MCap=164814.0
[ 36/260] PAYTM        ok  PE=127.0 ROE=4.7 ROCE=5.01 MCap=103036.0
[ 37/260] POLICYBZR    ok  PE=108.0 ROE=9.75 ROCE=10.3 MCap=80634.0
[ 38/260] LT           ok  PE=31.7 ROE=15.9 ROCE=14.6 MCap=557886.0
[ 39/260] SIEMENS      ok  PE=93.0 ROE=19.2 ROCE=21.4 MCap=139850.0
[ 40/260] ABB          ok  PE=105.0 ROE=22.4 ROCE=29.9 MCap=162004.0
[ 41/260] CUMMINSIND   FAIL  PE=None ROE=None ROCE=None MCap=None
[ 42/260] THERMAX      ok  PE=87.7 ROE=10.6 ROCE=13.9 MCap=48262.0
[ 43/260] KAYNES       ok  PE=70.8 ROE=9.64 ROCE=13.2 MCap=24604.0
[ 44/260] SYRMA        FAIL  PE=None ROE=None ROCE=None MCap=None
[ 45/260] DIXON        ok  PE=46.0 ROE=37.4 ROCE=42.0 MCap=86449.0
[ 46/260] AMBER        ok  PE=129.0 ROE=5.95 ROCE=10.2 MCap=25464.0
[ 47/260] HAL          FAIL  PE=None ROE=None ROCE=None MCap=None
[ 48/260] BEL          ok  PE=48.9 ROE=27.4 ROCE=36.4 MCap=300213.0
[ 49/260] BDL          ok  PE=98.5 ROE=10.2 ROCE=13.8 MCap=51280.0
[ 50/260] MAZDOCK      FAIL  PE=None ROE=None ROCE=None MCap=None
[ 51/260] COCHINSHIP   ok  PE=54.7 ROE=12.5 ROCE=16.0 MCap=39199.0
[ 52/260] DATAPATTNS   FAIL  PE=None ROE=None ROCE=None MCap=None
[ 53/260] SOLARINDS    ok  PE=90.8 ROE=32.6 ROCE=38.1 MCap=180802.0
[ 54/260] ASTRAMICRO   ok  PE=87.4 ROE=16.0 ROCE=20.2 MCap=16501.0
[ 55/260] MTARTECH     FAIL  PE=None ROE=None ROCE=None MCap=None
[ 56/260] ZENTEC       ok  PE=92.3 ROE=10.7 ROCE=16.2 MCap=16773.0
[ 57/260] PARAS        FAIL  PE=None ROE=None ROCE=None MCap=None
[ 58/260] BEML         ok  PE=87.5 ROE=4.86 ROCE=7.71 MCap=15618.0
[ 59/260] TITAGARH     ok  PE=49.1 ROE=8.09 ROCE=11.7 MCap=11210.0
[ 60/260] JWL          FAIL  PE=None ROE=None ROCE=None MCap=None
[ 61/260] RVNL         ok  PE=52.7 ROE=9.02 ROCE=10.8 MCap=47351.0
[ 62/260] IRCON        ok  PE=22.4 ROE=9.19 ROCE=9.69 MCap=11738.0
[ 63/260] TEXRAIL      FAIL  PE=None ROE=None ROCE=None MCap=None
[ 64/260] POWERINDIA   ok  PE=None ROE=None ROCE=None MCap=None
[ 65/260] GVT&D        FAIL  PE=None ROE=None ROCE=None MCap=None
[ 66/260] APARINDS     ok  PE=55.6 ROE=20.2 ROCE=31.1 MCap=67010.0
[ 67/260] POLYCAB      ok  PE=48.5 ROE=23.0 ROCE=33.2 MCap=138999.0
[ 68/260] KEI          FAIL  PE=None ROE=None ROCE=None MCap=None
[ 69/260] PRAJIND      ok  PE=122.0 ROE=1.48 ROCE=6.12 MCap=6148.0
[ 70/260] BHARATFORG   FAIL  PE=None ROE=None ROCE=None MCap=None
[ 71/260] TIMKEN       ok  PE=57.8 ROE=14.3 ROCE=19.0 MCap=24648.0
[ 72/260] SKFINDIA     ok  PE=33.5 ROE=14.8 ROCE=24.2 MCap=7781.0
[ 73/260] GRINDWELL    FAIL  PE=None ROE=None ROCE=None MCap=None
[ 74/260] ELGIEQUIP    ok  PE=41.7 ROE=19.0 ROCE=22.1 MCap=19308.0
[ 75/260] KSB          FAIL  PE=None ROE=None ROCE=None MCap=None
[ 76/260] M&M          ok  PE=22.3 ROE=20.3 ROCE=15.1 MCap=425536.0
[ 77/260] MARUTI       ok  PE=30.4 ROE=14.3 ROCE=18.9 MCap=436076.0
[ 78/260] TMCV         FAIL  PE=None ROE=None ROCE=None MCap=None
[ 79/260] BAJAJ-AUTO   ok  PE=27.2 ROE=29.2 ROCE=28.2 MCap=320391.0
[ 80/260] TVSMOTOR     FAIL  PE=None ROE=None ROCE=None MCap=None
[ 81/260] EICHERMOT    ok  PE=38.2 ROE=24.0 ROCE=30.5 MCap=222142.0
[ 82/260] HEROMOTOCO   ok  PE=20.8 ROE=28.1 ROCE=35.2 MCap=115504.0
[ 83/260] BOSCHLTD     FAIL  PE=None ROE=None ROCE=None MCap=None
[ 84/260] UNOMINDA     ok  PE=58.6 ROE=19.3 ROCE=19.6 MCap=71710.0
[ 85/260] SONACOMS     FAIL  PE=None ROE=None ROCE=None MCap=None
[ 86/260] MOTHERSON    ok  PE=39.1 ROE=11.2 ROCE=13.4 MCap=178370.0
[ 87/260] ENDURANCE    ok  PE=41.3 ROE=14.9 ROCE=17.8 MCap=40711.0
[ 88/260] SCHAEFFLER   FAIL  PE=None ROE=None ROCE=None MCap=None
[ 89/260] SUNDRMFAST   ok  PE=41.1 ROE=14.9 ROCE=17.6 MCap=25553.0
[ 90/260] TIINDIA      FAIL  PE=None ROE=None ROCE=None MCap=None
[ 91/260] EXIDEIND     ok  PE=43.2 ROE=5.97 ROCE=8.54 MCap=40434.0
[ 92/260] ARE&M        ok  PE=23.7 ROE=7.18 ROCE=12.2 MCap=17307.0
[ 93/260] CRAFTSMAN    ok  PE=96.5 ROE=7.72 ROCE=10.3 MCap=26808.0
[ 94/260] HAPPYFORGE   FAIL  PE=None ROE=None ROCE=None MCap=None
[ 95/260] JBMA         ok  PE=63.9 ROE=15.6 ROCE=14.8 MCap=14722.0
[ 96/260] TCS          ok  PE=15.9 ROE=51.8 ROCE=63.0 MCap=853507.0
[ 97/260] INFY         FAIL  PE=None ROE=None ROCE=None MCap=None
[ 98/260] HCLTECH      ok  PE=20.4 ROE=23.8 ROCE=30.4 MCap=369832.0
[ 99/260] TECHM        ok  PE=30.1 ROE=17.5 ROCE=23.1 MCap=159950.0
[100/260] PERSISTENT   FAIL  PE=None ROE=None ROCE=None MCap=None
[101/260] COFORGE      ok  PE=41.9 ROE=21.4 ROCE=23.5 MCap=80235.0
[102/260] MPHASIS      FAIL  PE=None ROE=None ROCE=None MCap=None
[103/260] KPITTECH     ok  PE=26.9 ROE=20.9 ROCE=26.3 MCap=16812.0
[104/260] TATAELXSI    ok  PE=230.0 ROE=39.3 ROCE=60.0 MCap=23484.0
[105/260] CYIENT       FAIL  PE=None ROE=None ROCE=None MCap=None
[106/260] ETERNAL      ok  PE=713.0 ROE=0.38 ROCE=2.48 MCap=308522.0
[107/260] NYKAA        FAIL  PE=None ROE=None ROCE=None MCap=None
[108/260] DELHIVERY    ok  PE=289.0 ROE=1.87 ROCE=2.82 MCap=34469.0
[109/260] NAUKRI       ok  PE=58.9 ROE=1.81 ROCE=3.45 MCap=86888.0
[110/260] AFFLE        FAIL  PE=None ROE=None ROCE=None MCap=None
[111/260] INDIAMART    ok  PE=21.8 ROE=20.7 ROCE=28.0 MCap=10742.0
[112/260] MAPMYINDIA   FAIL  PE=None ROE=None ROCE=None MCap=None
[113/260] NEWGEN       ok  PE=22.3 ROE=19.6 ROCE=25.0 MCap=7639.0
[114/260] TANLA        ok  PE=46.4 ROE=22.4 ROCE=21.6 MCap=7729.0
[115/260] SUNPHARMA    ok  PE=36.5 ROE=16.0 ROCE=20.5 MCap=461128.0
[116/260] CIPLA        ok  PE=32.8 ROE=11.6 ROCE=15.5 MCap=117139.0
[117/260] DRREDDY      ok  PE=31.1 ROE=11.2 ROCE=13.0 MCap=100186.0
[118/260] DIVISLAB     ok  PE=75.5 ROE=16.5 ROCE=22.0 MCap=224772.0
[119/260] MANKIND      ok  PE=46.8 ROE=13.1 ROCE=13.5 MCap=99825.0
[120/260] TORNTPHARM   ok  PE=83.0 ROE=27.4 ROCE=15.2 MCap=185125.0
[121/260] LUPIN        ok  PE=17.2 ROE=28.7 ROCE=29.9 MCap=102192.0
[122/260] ZYDUSLIFE    ok  PE=23.4 ROE=21.2 ROCE=21.1 MCap=113715.0
[123/260] ALKEM        ok  PE=26.3 ROE=18.9 ROCE=21.2 MCap=63933.0
[124/260] AJANTPHARM   ok  PE=40.5 ROE=27.1 ROCE=34.5 MCap=46008.0
[125/260] LAURUSLABS   ok  PE=88.1 ROE=18.3 ROCE=17.8 MCap=96311.0
[126/260] SYNGENE      ok  PE=54.6 ROE=7.78 ROCE=9.99 MCap=16203.0
[127/260] GLAND        ok  PE=42.8 ROE=10.7 ROCE=15.1 MCap=48979.0
[128/260] PPLPHARMA    ok  PE=None ROE=-3.83 ROCE=2.52 MCap=27705.0
[129/260] ERIS         ok  PE=28.7 ROE=18.7 ROCE=14.1 MCap=18833.0
[130/260] APOLLOHOSP   ok  PE=60.9 ROE=21.2 ROCE=17.4 MCap=128285.0
[131/260] MAXHEALTH    ok  PE=65.7 ROE=14.7 ROCE=14.7 MCap=98298.0
[132/260] FORTIS       ok  PE=65.2 ROE=11.2 ROCE=13.4 MCap=69569.0
[133/260] NH           ok  PE=43.6 ROE=20.5 ROCE=15.5 MCap=37543.0
[134/260] RAINBOW      ok  PE=51.8 ROE=15.9 ROCE=17.4 MCap=14833.0
[135/260] MEDANTA      ok  PE=66.9 ROE=15.2 ROCE=17.1 MCap=38285.0
[136/260] KIMS         ok  PE=163.0 ROE=11.3 ROCE=9.5 MCap=33987.0
[137/260] METROPOLIS   ok  PE=54.3 ROE=13.6 ROCE=17.8 MCap=11300.0
[138/260] VIJAYA       ok  PE=81.0 ROE=19.7 ROCE=21.3 MCap=15184.0
[139/260] HINDUNILVR   ok  PE=44.1 ROE=31.0 ROCE=28.4 MCap=486600.0
[140/260] NESTLEIND    ok  PE=78.0 ROE=74.2 ROCE=85.3 MCap=289324.0
[141/260] ITC          ok  PE=17.6 ROE=29.3 ROCE=38.9 MCap=347693.0
[142/260] BRITANNIA    ok  PE=51.4 ROE=53.5 ROCE=56.0 MCap=134071.0
[143/260] VBL          ok  PE=43.4 ROE=16.2 ROCE=19.7 MCap=146799.0
[144/260] TATACONSUM   ok  PE=65.0 ROE=7.35 ROCE=9.24 MCap=107213.0
[145/260] GODREJCP     ok  PE=46.2 ROE=16.1 ROCE=18.8 MCap=95781.0
[146/260] DABUR        ok  PE=36.5 ROE=17.0 ROCE=20.3 MCap=72324.0
[147/260] MARICO       ok  PE=59.5 ROE=42.8 ROCE=47.0 MCap=112168.0
[148/260] COLPAL       ok  PE=125.0 ROE=158.0 ROCE=179.0 MCap=53883.0
[149/260] UNITDSPR     ok  PE=60.2 ROE=21.4 ROCE=26.4 MCap=111485.0
[150/260] UBL          ok  PE=105.0 ROE=7.69 ROCE=10.7 MCap=36382.0
[151/260] RADICO       ok  PE=87.6 ROE=20.3 ROCE=24.2 MCap=62262.0
[152/260] TITAN        ok  PE=77.2 ROE=37.7 ROCE=20.5 MCap=450552.0
[153/260] KALYANKJIL   ok  PE=42.9 ROE=24.8 ROCE=20.5 MCap=62657.0
[154/260] TRENT        ok  PE=87.1 ROE=27.7 ROCE=28.3 MCap=159436.0
[155/260] DMART        ok  PE=86.4 ROE=12.9 ROCE=17.2 MCap=264473.0
[156/260] MANYAVAR     ok  PE=31.8 ROE=26.7 ROCE=30.7 MCap=12792.0
[157/260] DEVYANI      ok  PE=None ROE=-1.56 ROCE=4.75 MCap=17754.0
[158/260] JUBLFOOD     FAIL  PE=None ROE=None ROCE=None MCap=None
[159/260] PAGEIND      ok  PE=None ROE=None ROCE=None MCap=None
[160/260] METROBRAND   ok  PE=65.2 ROE=22.0 ROCE=20.0 MCap=25781.0
[161/260] RELAXO       FAIL  PE=None ROE=None ROCE=None MCap=None
[162/260] VOLTAS       ok  PE=112.0 ROE=6.1 ROCE=9.04 MCap=43842.0
[163/260] BLUESTARCO   ok  PE=58.7 ROE=17.2 ROCE=21.2 MCap=31009.0
[164/260] HAVELLS      FAIL  PE=None ROE=None ROCE=None MCap=None
[165/260] CROMPTON     ok  PE=35.3 ROE=10.6 ROCE=18.1 MCap=15992.0
[166/260] VGUARD       ok  PE=43.9 ROE=12.9 ROCE=16.8 MCap=14252.0
[167/260] WHIRLPOOL    FAIL  PE=None ROE=None ROCE=None MCap=None
[168/260] SYMPHONY     ok  PE=1099.0 ROE=2.96 ROCE=20.6 MCap=4276.0
[169/260] TTKPRESTIG   ok  PE=35.4 ROE=10.2 ROCE=13.7 MCap=8149.0
[170/260] CERA         FAIL  PE=None ROE=None ROCE=None MCap=None
[171/260] KAJARIACER   ok  PE=34.2 ROE=17.9 ROCE=23.3 MCap=19710.0
[172/260] SUPREMEIND   ok  PE=43.8 ROE=15.8 ROCE=20.7 MCap=45326.0
[173/260] ASTRAL       FAIL  PE=None ROE=None ROCE=None MCap=None
[174/260] FINPIPE      ok  PE=16.0 ROE=9.73 ROCE=12.7 MCap=9897.0
[175/260] PRINCEPIPE   ok  PE=30.2 ROE=4.67 ROCE=6.12 MCap=3147.0
[176/260] PIDILITIND   FAIL  PE=None ROE=None ROCE=None MCap=None
[177/260] SRF          ok  PE=34.5 ROE=14.3 ROCE=14.6 MCap=77159.0
[178/260] PIIND        ok  PE=26.8 ROE=14.2 ROCE=18.0 MCap=37930.0
[179/260] AARTIIND     FAIL  PE=None ROE=None ROCE=None MCap=None
[180/260] DEEPAKNTR    ok  PE=29.7 ROE=9.82 ROCE=11.4 MCap=23519.0
[181/260] NAVINFLUOR   ok  PE=74.0 ROE=15.3 ROCE=20.8 MCap=42290.0
[182/260] VINATIORGA   FAIL  PE=None ROE=None ROCE=None MCap=None
[183/260] ATUL         ok  PE=25.0 ROE=11.5 ROCE=14.9 MCap=19850.0
[184/260] CLEAN        ok  PE=37.4 ROE=15.3 ROCE=20.6 MCap=8721.0
[185/260] FINEORG      FAIL  PE=None ROE=None ROCE=None MCap=None
[186/260] FLUOROCHEM   ok  PE=84.0 ROE=7.6 ROCE=9.86 MCap=51920.0
[187/260] COROMANDEL   ok  PE=31.7 ROE=17.3 ROCE=24.6 MCap=61804.0
[188/260] ASIANPAINT   FAIL  PE=None ROE=None ROCE=None MCap=None
[189/260] BERGEPAINT   ok  PE=51.7 ROE=17.3 ROCE=21.6 MCap=63506.0
[190/260] KANSAINER    ok  PE=24.4 ROE=9.29 ROCE=12.6 MCap=16540.0
[191/260] INDIGOPNTS   FAIL  PE=None ROE=None ROCE=None MCap=None
[192/260] TATASTEEL    ok  PE=19.3 ROE=11.7 ROCE=12.5 MCap=228948.0
[193/260] JSWSTEEL     ok  PE=41.1 ROE=8.38 ROCE=10.5 MCap=309643.0
[194/260] HINDALCO     FAIL  PE=None ROE=None ROCE=None MCap=None
[195/260] JINDALSTEL   ok  PE=36.4 ROE=8.22 ROCE=9.7 MCap=112210.0
[196/260] VEDL         ok  PE=9.71 ROE=38.2 ROCE=16.1 MCap=105092.0
[197/260] NMDC         FAIL  PE=None ROE=None ROCE=None MCap=None
[198/260] APLAPOLLO    ok  PE=47.0 ROE=25.3 ROCE=31.6 MCap=57829.0
[199/260] RATNAMANI    ok  PE=37.5 ROE=12.6 ROCE=17.9 MCap=16451.0
[200/260] JSL          FAIL  PE=None ROE=None ROCE=None MCap=None
[201/260] HINDZINC     ok  PE=13.8 ROE=76.6 ROCE=69.5 MCap=236829.0
[202/260] ULTRACEMCO   ok  PE=44.9 ROE=10.3 ROCE=12.6 MCap=342858.0
[203/260] AMBUJACEM    FAIL  PE=None ROE=None ROCE=None MCap=None
[204/260] SHREECEM     ok  PE=54.7 ROE=7.51 ROCE=10.3 MCap=89138.0
[205/260] DALBHARAT    ok  PE=258.0 ROE=1.75 ROCE=2.07 MCap=34555.0
[206/260] RAMCOCEM     FAIL  PE=None ROE=None ROCE=None MCap=None
[207/260] NUVOCO       ok  PE=28.4 ROE=4.17 ROCE=6.99 MCap=11824.0
[208/260] STARCEMENT   ok  PE=60.1 ROE=8.16 ROCE=12.0 MCap=8076.0
[209/260] KEC          FAIL  PE=None ROE=None ROCE=None MCap=None
[210/260] KPIL         ok  PE=20.8 ROE=13.7 ROCE=18.3 MCap=23088.0
[211/260] KNRCON       ok  PE=33.2 ROE=2.9 ROCE=4.59 MCap=3724.0
[212/260] PNCINFRA     FAIL  PE=None ROE=None ROCE=None MCap=None
[213/260] GRINFRA      ok  PE=9.0 ROE=9.2 ROCE=11.9 MCap=8432.0
[214/260] NCC          ok  PE=12.2 ROE=9.19 ROCE=16.8 MCap=8834.0
[215/260] HGINFRA      FAIL  PE=None ROE=None ROCE=None MCap=None
[216/260] DLF          ok  PE=38.2 ROE=9.5 ROCE=6.32 MCap=164262.0
[217/260] GODREJPROP   ok  PE=165.0 ROE=0.81 ROCE=2.82 MCap=59890.0
[218/260] OBEROIRLTY   FAIL  PE=None ROE=None ROCE=None MCap=None
[219/260] PRESTIGE     ok  PE=60.4 ROE=7.53 ROCE=10.4 MCap=68712.0
[220/260] BRIGADE      ok  PE=28.5 ROE=10.5 ROCE=10.5 MCap=19391.0
[221/260] SOBHA        FAIL  PE=None ROE=None ROCE=None MCap=None
[222/260] PHOENIXLTD   ok  PE=52.0 ROE=11.6 ROCE=12.8 MCap=67452.0
[223/260] NTPC         ok  PE=13.9 ROE=13.8 ROCE=8.43 MCap=329687.0
[224/260] POWERGRID    ok  PE=15.7 ROE=15.3 ROCE=9.1 MCap=248373.0
[225/260] TATAPOWER    ok  PE=31.2 ROE=10.2 ROCE=10.5 MCap=122414.0
[226/260] JSWENERGY    FAIL  PE=None ROE=None ROCE=None MCap=None
[227/260] NHPC         ok  PE=20.4 ROE=9.32 ROCE=5.75 MCap=77246.0
[228/260] SJVN         FAIL  PE=None ROE=None ROCE=None MCap=None
[229/260] TORNTPOWER   FAIL  PE=None ROE=None ROCE=None MCap=None
[230/260] CESC         FAIL  PE=None ROE=None ROCE=None MCap=None
[231/260] SUZLON       FAIL  PE=None ROE=None ROCE=None MCap=None
[232/260] INOXWIND     FAIL  PE=None ROE=None ROCE=None MCap=None
[233/260] WAAREEENER   FAIL  PE=None ROE=None ROCE=None MCap=None
[234/260] PREMIERENE   FAIL  PE=None ROE=None ROCE=None MCap=None
[235/260] KPIGREEN     FAIL  PE=None ROE=None ROCE=None MCap=None
[236/260] RELIANCE     FAIL  PE=None ROE=None ROCE=None MCap=None
[237/260] ONGC         FAIL  PE=None ROE=None ROCE=None MCap=None
[238/260] IOC          FAIL  PE=None ROE=None ROCE=None MCap=None
[239/260] BPCL         FAIL  PE=None ROE=None ROCE=None MCap=None
[240/260] GAIL         FAIL  PE=None ROE=None ROCE=None MCap=None
[241/260] PETRONET     FAIL  PE=None ROE=None ROCE=None MCap=None
[242/260] IGL          FAIL  PE=None ROE=None ROCE=None MCap=None
[243/260] MGL          FAIL  PE=None ROE=None ROCE=None MCap=None
[244/260] AEGISLOG     FAIL  PE=None ROE=None ROCE=None MCap=None
[245/260] OIL          FAIL  PE=None ROE=None ROCE=None MCap=None
[246/260] COALINDIA    FAIL  PE=None ROE=None ROCE=None MCap=None
[247/260] ADANIENT     FAIL  PE=None ROE=None ROCE=None MCap=None
[248/260] ADANIPORTS   FAIL  PE=None ROE=None ROCE=None MCap=None
[249/260] ADANIGREEN   FAIL  PE=None ROE=None ROCE=None MCap=None
[250/260] ADANIPOWER   FAIL  PE=None ROE=None ROCE=None MCap=None
[251/260] BHARTIARTL   FAIL  PE=None ROE=None ROCE=None MCap=None
[252/260] BHARTIHEXA   FAIL  PE=None ROE=None ROCE=None MCap=None
[253/260] INDUSTOWER   FAIL  PE=None ROE=None ROCE=None MCap=None
[254/260] TATACOMM     FAIL  PE=None ROE=None ROCE=None MCap=None
[255/260] HFCL         FAIL  PE=None ROE=None ROCE=None MCap=None
[256/260] TEJASNET     FAIL  PE=None ROE=None ROCE=None MCap=None
[257/260] INDIGO       FAIL  PE=None ROE=None ROCE=None MCap=None
[258/260] CONCOR       FAIL  PE=None ROE=None ROCE=None MCap=None
[259/260] BLUEDART     FAIL  PE=None ROE=None ROCE=None MCap=None
[260/260] TATAMOTORS   FAIL  PE=None ROE=None ROCE=None MCap=None
wrote fundamentals.csv
